// Jest Snapshot v1, https://goo.gl/fbAQLP

exports[`renders correctly 1`] = `
<table
  className="board"
>
  <tr>
    <td
      className="snake"
    />
    <td
      className="snake"
    />
    <td
      className="snake"
    />
    <td
      className="snake"
    />
    <td
      className="snake"
    />
  </tr>
  <tr>
    <td
      className="snake"
    />
    <td
      className=""
    />
    <td
      className="snake"
    />
    <td
      className=""
    />
    <td
      className="snake"
    />
  </tr>
  <tr>
    <td
      className="snake"
    />
    <td
      className="snake"
    />
    <td
      className="snake"
    />
    <td
      className="snake"
    />
    <td
      className="snake"
    />
  </tr>
  <tr>
    <td
      className="snake"
    />
    <td
      className=""
    />
    <td
      className="snake"
    />
    <td
      className=""
    />
    <td
      className="snake"
    />
  </tr>
  <tr>
    <td
      className="snake"
    />
    <td
      className="snake"
    />
    <td
      className="snake"
    />
    <td
      className="snake"
    />
    <td
      className="snake"
    />
  </tr>
</table>
`;
